C:/Users/kisho/Documents/STM32_Advanced_Baremetal/10_uart_dma/chip_headers/CMSIS/Include/core_cm4.h:1688:22:__NVIC_EnableIRQ	16	static
../Src/uart_dma.c:40:6:uart2_rx_tx_init	8	static
../Src/uart_dma.c:90:6:dma1_init	8	static
../Src/uart_dma.c:99:6:dma1_stream5_uart2_rx	8	static
../Src/uart_dma.c:133:6:dma1_stream6_uart2_tx	16	static
../Src/uart_dma.c:168:17:compute_uart_bd	16	static
../Src/uart_dma.c:174:13:uart_set_baudrate	16	static
../Src/uart_dma.c:179:6:DMA1_Stream6_IRQHandler	4	static
../Src/uart_dma.c:190:6:DMA1_Stream5_IRQHandler	4	static
../Src/uart_dma.c:201:6:USART2_IRQHandler	4	static
